2026-05-14 22:21:15,278 [INFO] Lean Engine 스케줄러 시작 (주기: 10분)
2026-05-14 22:21:15,278 [INFO] 정기 공시 수집 및 요약 작업 시작...
2026-05-14 22:21:16,452 [INFO] 정기 작업 완료.
2026-05-14 22:31:15,955 [INFO] 정기 공시 수집 및 요약 작업 시작...
2026-05-14 22:31:16,744 [INFO] 정기 작업 완료.
2026-05-14 22:41:17,567 [INFO] 정기 공시 수집 및 요약 작업 시작...
2026-05-14 22:41:18,310 [INFO] 정기 작업 완료.
2026-05-14 22:51:19,122 [INFO] 정기 공시 수집 및 요약 작업 시작...
2026-05-14 22:51:20,146 [INFO] 정기 작업 완료.
2026-05-14 23:01:21,097 [INFO] 정기 공시 수집 및 요약 작업 시작...
2026-05-14 23:01:22,329 [INFO] 정기 작업 완료.
2026-05-14 23:11:23,062 [INFO] 정기 공시 수집 및 요약 작업 시작...
2026-05-14 23:11:24,184 [INFO] 정기 작업 완료.
2026-05-14 23:21:24,938 [INFO] 정기 공시 수집 및 요약 작업 시작...
2026-05-14 23:21:25,820 [INFO] 정기 작업 완료.
2026-05-14 23:31:26,539 [INFO] 정기 공시 수집 및 요약 작업 시작...
2026-05-14 23:31:27,219 [INFO] 정기 작업 완료.
2026-05-14 23:41:28,135 [INFO] 정기 공시 수집 및 요약 작업 시작...
2026-05-14 23:41:28,955 [INFO] 정기 작업 완료.
2026-05-14 23:51:29,676 [INFO] 정기 공시 수집 및 요약 작업 시작...
2026-05-14 23:51:30,401 [INFO] 정기 작업 완료.
2026-05-15 00:04:32,574 [INFO] Lean Engine 스케줄러 시작 (주기: 10분)
2026-05-15 00:04:32,574 [INFO] 전 종목 실시간 공시 수집 및 요약 시작...
2026-05-15 00:04:32,642 [INFO] 정기 작업 완료.
2026-05-15 00:05:33,604 [INFO] Lean Engine 스케줄러 시작 (주기: 10분)
2026-05-15 00:05:33,604 [INFO] 전 종목 실시간 공시 수집 및 요약 시작...
2026-05-15 00:05:53,074 [INFO] 정기 작업 완료.
2026-05-15 00:07:46,210 [INFO] Lean Engine 스케줄러 시작 (주기: 10분)
2026-05-15 00:07:46,210 [INFO] 전 종목 실시간 공시 수집 및 요약 시작...
2026-05-15 00:07:49,183 [INFO] 정기 작업 완료.
2026-05-15 00:11:31,314 [INFO] Lean Engine 스케줄러 시작 (주기: 10분)
2026-05-15 00:11:31,314 [INFO] 전 종목 실시간 공시 수집 및 요약 시작...
2026-05-15 00:14:34,748 [INFO] 정기 작업 완료.
2026-05-15 00:16:46,837 [INFO] Lean Engine 스케줄러 시작 (주기: 10분)
2026-05-15 00:16:46,837 [INFO] 전 종목 실시간 공시 수집 및 요약 시작...
2026-05-15 12:24:00,309 [INFO] Lean Engine 스케줄러 시작 (주기: 10분)
2026-05-15 12:24:00,309 [INFO] 전 종목 실시간 공시 수집 및 요약 시작...
2026-05-15 12:27:51,060 [INFO] 정기 작업 완료.
2026-05-15 12:34:00,811 [INFO] 전 종목 실시간 공시 수집 및 요약 시작...
2026-05-15 12:34:03,924 [INFO] 정기 작업 완료.
2026-05-15 12:44:04,632 [INFO] 전 종목 실시간 공시 수집 및 요약 시작...
2026-05-15 12:44:07,054 [INFO] 정기 작업 완료.
2026-05-15 12:54:07,687 [INFO] 전 종목 실시간 공시 수집 및 요약 시작...
2026-05-15 12:54:10,103 [INFO] 정기 작업 완료.
2026-05-15 13:04:10,992 [INFO] 전 종목 실시간 공시 수집 및 요약 시작...
2026-05-15 13:04:14,243 [INFO] 정기 작업 완료.
2026-05-15 13:14:15,063 [INFO] 전 종목 실시간 공시 수집 및 요약 시작...
2026-05-15 13:14:18,616 [INFO] 정기 작업 완료.
2026-05-15 13:24:19,308 [INFO] 전 종목 실시간 공시 수집 및 요약 시작...
2026-05-15 13:24:23,721 [INFO] 정기 작업 완료.
2026-05-15 13:34:24,384 [INFO] 전 종목 실시간 공시 수집 및 요약 시작...
2026-05-15 13:34:29,320 [INFO] 정기 작업 완료.
2026-05-15 13:44:29,982 [INFO] 전 종목 실시간 공시 수집 및 요약 시작...
2026-05-15 13:44:38,124 [INFO] 정기 작업 완료.
2026-05-15 13:47:43,477 [INFO] Lean Engine 스케줄러 시작 (주기: 10분)
2026-05-15 13:47:43,477 [INFO] 전 종목 실시간 공시 수집 및 요약 시작...
2026-05-15 13:54:37,989 [INFO] 정기 작업 완료.
2026-05-15 13:57:43,645 [INFO] 전 종목 실시간 공시 수집 및 요약 시작...
2026-05-15 13:57:50,318 [INFO] 정기 작업 완료.
2026-05-15 14:07:50,444 [INFO] 전 종목 실시간 공시 수집 및 요약 시작...
2026-05-15 14:07:58,497 [INFO] 정기 작업 완료.
2026-05-15 14:17:58,545 [INFO] 전 종목 실시간 공시 수집 및 요약 시작...
2026-05-15 14:18:10,012 [INFO] 정기 작업 완료.
2026-05-15 14:28:10,103 [INFO] 전 종목 실시간 공시 수집 및 요약 시작...
2026-05-15 14:28:21,610 [INFO] 정기 작업 완료.
2026-05-15 14:38:21,922 [INFO] 전 종목 실시간 공시 수집 및 요약 시작...
2026-05-15 14:38:29,463 [INFO] 정기 작업 완료.
2026-05-15 14:47:24,633 [INFO] Lean Engine 스케줄러 시작 (주기: 1분)
2026-05-15 14:47:24,633 [INFO] 전 종목 실시간 공시 수집 및 요약 시작...
2026-05-15 14:47:29,855 [INFO] 정기 작업 완료.
2026-05-15 14:49:20,523 [INFO] Lean Engine 스케줄러 시작 (주기: 1분)
2026-05-15 14:49:20,523 [INFO] 전 종목 실시간 공시 수집 및 요약 시작...
2026-05-15 14:49:23,407 [INFO] 정기 작업 완료.
2026-05-15 14:50:49,783 [INFO] Lean Engine 스케줄러 시작 (주기: 1분)
2026-05-15 14:50:49,783 [INFO] 전 종목 실시간 공시 수집 및 요약 시작...
2026-05-15 14:56:39,760 [INFO] 정기 작업 완료.
2026-05-15 14:56:39,761 [INFO] 전 종목 실시간 공시 수집 및 요약 시작...
2026-05-15 14:56:45,096 [INFO] 정기 작업 완료.
2026-05-15 14:57:15,993 [INFO] Lean Engine 스케줄러 시작 (주기: 1분)
2026-05-15 14:57:15,993 [INFO] 전 종목 실시간 공시 수집 및 요약 시작...
2026-05-15 15:03:51,004 [INFO] Lean Engine 스케줄러 시작 (주기: 1분)
2026-05-15 15:03:51,004 [INFO] 전 종목 실시간 공시 수집 및 요약 시작...
2026-05-15 15:17:22,002 [INFO] 정기 작업 완료.
2026-05-15 15:17:22,002 [INFO] 전 종목 실시간 공시 수집 및 요약 시작...
2026-05-15 15:17:34,445 [INFO] 정기 작업 완료.
2026-05-15 15:18:35,104 [INFO] 전 종목 실시간 공시 수집 및 요약 시작...
2026-05-15 15:18:38,234 [INFO] 정기 작업 완료.
2026-05-15 15:19:39,066 [INFO] 전 종목 실시간 공시 수집 및 요약 시작...
2026-05-15 15:19:45,050 [INFO] 정기 작업 완료.
2026-05-15 15:20:45,724 [INFO] 전 종목 실시간 공시 수집 및 요약 시작...
2026-05-15 15:20:49,481 [INFO] 정기 작업 완료.
2026-05-15 15:21:50,438 [INFO] 전 종목 실시간 공시 수집 및 요약 시작...
2026-05-15 15:21:53,325 [INFO] 정기 작업 완료.
2026-05-15 15:28:30,772 [INFO] 전 종목 실시간 공시 수집 및 요약 시작...
2026-05-15 15:28:39,410 [INFO] 정기 작업 완료.
2026-05-15 15:32:09,830 [INFO] 전 종목 실시간 공시 수집 및 요약 시작...
2026-05-15 15:32:15,782 [INFO] 정기 작업 완료.
2026-05-15 15:34:09,611 [INFO] 전 종목 실시간 공시 수집 및 요약 시작...
2026-05-15 15:34:14,138 [INFO] 정기 작업 완료.
2026-05-15 15:38:48,331 [INFO] 전 종목 실시간 공시 수집 및 요약 시작...
2026-05-15 15:38:57,360 [INFO] 정기 작업 완료.
2026-05-15 15:41:52,850 [INFO] 전 종목 실시간 공시 수집 및 요약 시작...
2026-05-15 15:42:04,331 [INFO] 정기 작업 완료.
2026-05-15 15:43:05,233 [INFO] 전 종목 실시간 공시 수집 및 요약 시작...
2026-05-15 15:43:14,562 [INFO] 정기 작업 완료.
2026-05-15 15:46:58,335 [INFO] 전 종목 실시간 공시 수집 및 요약 시작...
2026-05-15 15:47:21,387 [INFO] 정기 작업 완료.
2026-05-15 15:52:23,796 [INFO] 전 종목 실시간 공시 수집 및 요약 시작...
2026-05-15 15:53:10,302 [INFO] 정기 작업 완료.
2026-05-15 16:01:03,793 [INFO] 전 종목 실시간 공시 수집 및 요약 시작...
2026-05-15 16:08:57,580 [INFO] 정기 작업 완료.
2026-05-15 16:09:57,906 [INFO] 전 종목 실시간 공시 수집 및 요약 시작...
2026-05-15 16:26:33,853 [INFO] 정기 작업 완료.
2026-05-15 16:44:16,028 [INFO] 전 종목 실시간 공시 수집 및 요약 시작...
2026-05-15 17:27:12,112 [INFO] 정기 작업 완료.
2026-05-15 17:30:41,679 [INFO] 전 종목 실시간 공시 수집 및 요약 시작...
2026-05-15 17:40:44,971 [INFO] 정기 작업 완료.
2026-05-15 17:47:33,678 [INFO] 전 종목 실시간 공시 수집 및 요약 시작...
2026-05-15 17:47:49,738 [INFO] 정기 작업 완료.
2026-05-15 17:51:40,747 [INFO] 전 종목 실시간 공시 수집 및 요약 시작...
2026-05-15 17:51:45,558 [INFO] 정기 작업 완료.
2026-05-15 17:52:46,039 [INFO] 전 종목 실시간 공시 수집 및 요약 시작...
2026-05-15 17:52:49,712 [INFO] 정기 작업 완료.
2026-05-15 17:53:50,268 [INFO] 전 종목 실시간 공시 수집 및 요약 시작...
2026-05-15 17:53:53,328 [INFO] 정기 작업 완료.
2026-05-15 18:10:23,238 [INFO] 전 종목 실시간 공시 수집 및 요약 시작...
2026-05-15 18:16:52,429 [INFO] 정기 작업 완료.
2026-05-15 18:20:03,447 [INFO] 전 종목 실시간 공시 수집 및 요약 시작...
2026-05-15 18:20:11,130 [INFO] 정기 작업 완료.
2026-05-15 18:22:12,207 [INFO] 전 종목 실시간 공시 수집 및 요약 시작...
2026-05-15 18:22:16,294 [INFO] 정기 작업 완료.
2026-05-15 18:26:47,256 [INFO] 전 종목 실시간 공시 수집 및 요약 시작...
2026-05-15 18:26:52,470 [INFO] 정기 작업 완료.
2026-05-15 18:28:14,264 [INFO] 전 종목 실시간 공시 수집 및 요약 시작...
2026-05-15 18:28:17,741 [INFO] 정기 작업 완료.
2026-05-15 18:30:29,411 [INFO] 전 종목 실시간 공시 수집 및 요약 시작...
2026-05-15 18:30:33,941 [INFO] 정기 작업 완료.
2026-05-15 18:32:13,340 [INFO] 전 종목 실시간 공시 수집 및 요약 시작...
2026-05-15 18:32:17,340 [INFO] 정기 작업 완료.
2026-05-15 18:39:54,006 [INFO] 전 종목 실시간 공시 수집 및 요약 시작...
2026-05-15 18:39:57,017 [INFO] 정기 작업 완료.
2026-05-15 18:46:24,677 [INFO] 전 종목 실시간 공시 수집 및 요약 시작...
2026-05-15 18:46:27,812 [INFO] 정기 작업 완료.
2026-05-15 18:47:28,771 [INFO] 전 종목 실시간 공시 수집 및 요약 시작...
2026-05-15 18:47:31,355 [INFO] 정기 작업 완료.
2026-05-15 18:53:00,017 [INFO] 전 종목 실시간 공시 수집 및 요약 시작...
2026-05-15 18:53:03,398 [INFO] 정기 작업 완료.
2026-05-15 18:54:04,244 [INFO] 전 종목 실시간 공시 수집 및 요약 시작...
2026-05-15 18:54:07,196 [INFO] 정기 작업 완료.
2026-05-15 19:05:34,669 [INFO] 전 종목 실시간 공시 수집 및 요약 시작...
2026-05-15 19:05:37,875 [INFO] 정기 작업 완료.
2026-05-15 19:11:23,973 [INFO] 전 종목 실시간 공시 수집 및 요약 시작...
2026-05-15 19:11:26,850 [INFO] 정기 작업 완료.
2026-05-15 19:22:52,675 [INFO] 전 종목 실시간 공시 수집 및 요약 시작...
2026-05-15 19:22:55,862 [INFO] 정기 작업 완료.
2026-05-15 19:23:55,881 [INFO] 전 종목 실시간 공시 수집 및 요약 시작...
2026-05-15 19:23:58,757 [INFO] 정기 작업 완료.
2026-05-15 19:41:26,841 [INFO] 전 종목 실시간 공시 수집 및 요약 시작...
2026-05-15 19:41:29,210 [INFO] 정기 작업 완료.
2026-05-15 19:56:54,940 [INFO] 전 종목 실시간 공시 수집 및 요약 시작...
2026-05-15 19:56:58,284 [INFO] 정기 작업 완료.
2026-05-15 20:12:24,062 [INFO] 전 종목 실시간 공시 수집 및 요약 시작...
2026-05-15 20:12:28,582 [INFO] 정기 작업 완료.
2026-05-15 20:20:25,646 [INFO] 전 종목 실시간 공시 수집 및 요약 시작...
2026-05-15 20:20:28,649 [INFO] 정기 작업 완료.
2026-05-15 20:27:32,252 [INFO] 전 종목 실시간 공시 수집 및 요약 시작...
2026-05-15 20:27:34,559 [INFO] 정기 작업 완료.
2026-05-15 20:32:07,333 [INFO] 전 종목 실시간 공시 수집 및 요약 시작...
2026-05-15 20:32:09,867 [INFO] 정기 작업 완료.
2026-05-15 20:34:33,290 [INFO] 전 종목 실시간 공시 수집 및 요약 시작...
2026-05-15 20:34:36,411 [INFO] 정기 작업 완료.
2026-05-15 20:35:36,749 [INFO] 전 종목 실시간 공시 수집 및 요약 시작...
2026-05-15 20:35:38,188 [ERROR] 작업 실패: HTTPSConnectionPool(host='opendart.fss.or.kr', port=443): Max retries exceeded with url: /api/list.json?crtfc_key=d8a92c1dcf4a12e05148b67dc87de958e91dcea6&bgn_de=20260515&end_de=20260515&page_count=100&page_no=1 (Caused by NameResolutionError("<urllib3.connection.HTTPSConnection object at 0x11959feb0>: Failed to resolve 'opendart.fss.or.kr' ([Errno 8] nodename nor servname provided, or not known)"))
2026-05-15 20:51:58,613 [INFO] 전 종목 실시간 공시 수집 및 요약 시작...
2026-05-15 20:51:58,621 [ERROR] 작업 실패: HTTPSConnectionPool(host='opendart.fss.or.kr', port=443): Max retries exceeded with url: /api/list.json?crtfc_key=d8a92c1dcf4a12e05148b67dc87de958e91dcea6&bgn_de=20260515&end_de=20260515&page_count=100&page_no=1 (Caused by NameResolutionError("<urllib3.connection.HTTPSConnection object at 0x11a383220>: Failed to resolve 'opendart.fss.or.kr' ([Errno 8] nodename nor servname provided, or not known)"))
2026-05-15 20:52:59,770 [INFO] 전 종목 실시간 공시 수집 및 요약 시작...
2026-05-15 20:53:02,844 [INFO] 정기 작업 완료.
2026-05-15 20:54:02,873 [INFO] 전 종목 실시간 공시 수집 및 요약 시작...
2026-05-15 20:54:05,093 [INFO] 정기 작업 완료.
2026-05-15 20:55:05,970 [INFO] 전 종목 실시간 공시 수집 및 요약 시작...
2026-05-15 20:55:09,245 [INFO] 정기 작업 완료.
2026-05-15 20:56:09,470 [INFO] 전 종목 실시간 공시 수집 및 요약 시작...
2026-05-15 20:56:11,964 [INFO] 정기 작업 완료.
2026-05-15 20:58:05,334 [INFO] 전 종목 실시간 공시 수집 및 요약 시작...
2026-05-15 20:58:07,660 [INFO] 정기 작업 완료.
2026-05-15 21:06:52,015 [INFO] 전 종목 실시간 공시 수집 및 요약 시작...
2026-05-15 21:06:55,252 [INFO] 정기 작업 완료.
2026-05-15 21:13:24,142 [INFO] 전 종목 실시간 공시 수집 및 요약 시작...
2026-05-15 21:13:26,657 [INFO] 정기 작업 완료.
2026-05-15 21:16:25,415 [INFO] 전 종목 실시간 공시 수집 및 요약 시작...
2026-05-15 21:16:27,800 [INFO] 정기 작업 완료.
2026-05-15 21:25:05,563 [INFO] 전 종목 실시간 공시 수집 및 요약 시작...
2026-05-15 21:25:08,489 [INFO] 정기 작업 완료.
2026-05-15 21:29:45,190 [INFO] 전 종목 실시간 공시 수집 및 요약 시작...
2026-05-15 21:29:47,869 [INFO] 정기 작업 완료.
2026-05-15 21:30:48,161 [INFO] 전 종목 실시간 공시 수집 및 요약 시작...
2026-05-15 21:30:50,672 [INFO] 정기 작업 완료.
2026-05-15 21:31:50,881 [INFO] 전 종목 실시간 공시 수집 및 요약 시작...
2026-05-15 21:31:52,980 [INFO] 정기 작업 완료.
2026-05-15 21:32:53,168 [INFO] 전 종목 실시간 공시 수집 및 요약 시작...
2026-05-15 21:32:55,183 [INFO] 정기 작업 완료.
2026-05-15 21:33:55,401 [INFO] 전 종목 실시간 공시 수집 및 요약 시작...
2026-05-15 21:33:57,506 [INFO] 정기 작업 완료.
2026-05-15 21:34:57,712 [INFO] 전 종목 실시간 공시 수집 및 요약 시작...
2026-05-15 21:34:59,918 [INFO] 정기 작업 완료.
2026-05-15 21:36:00,130 [INFO] 전 종목 실시간 공시 수집 및 요약 시작...
2026-05-15 21:36:02,342 [INFO] 정기 작업 완료.
2026-05-15 21:37:02,549 [INFO] 전 종목 실시간 공시 수집 및 요약 시작...
2026-05-15 21:37:04,702 [INFO] 정기 작업 완료.
2026-05-15 21:38:04,895 [INFO] 전 종목 실시간 공시 수집 및 요약 시작...
2026-05-15 21:38:07,003 [INFO] 정기 작업 완료.
2026-05-15 21:39:07,226 [INFO] 전 종목 실시간 공시 수집 및 요약 시작...
2026-05-15 21:39:09,270 [INFO] 정기 작업 완료.
2026-05-15 21:40:09,482 [INFO] 전 종목 실시간 공시 수집 및 요약 시작...
2026-05-15 21:40:11,726 [INFO] 정기 작업 완료.
2026-05-15 21:41:11,930 [INFO] 전 종목 실시간 공시 수집 및 요약 시작...
2026-05-15 21:41:14,219 [INFO] 정기 작업 완료.
2026-05-15 21:42:14,434 [INFO] 전 종목 실시간 공시 수집 및 요약 시작...
2026-05-15 21:42:16,855 [INFO] 정기 작업 완료.
2026-05-15 21:43:17,060 [INFO] 전 종목 실시간 공시 수집 및 요약 시작...
2026-05-15 21:43:18,989 [INFO] 정기 작업 완료.
2026-05-15 21:44:19,209 [INFO] 전 종목 실시간 공시 수집 및 요약 시작...
2026-05-15 21:44:21,292 [INFO] 정기 작업 완료.
2026-05-15 21:45:21,498 [INFO] 전 종목 실시간 공시 수집 및 요약 시작...
2026-05-15 21:45:23,597 [INFO] 정기 작업 완료.
2026-05-15 21:46:23,782 [INFO] 전 종목 실시간 공시 수집 및 요약 시작...
2026-05-15 21:46:25,860 [INFO] 정기 작업 완료.
2026-05-15 21:47:26,065 [INFO] 전 종목 실시간 공시 수집 및 요약 시작...
2026-05-15 21:47:28,363 [INFO] 정기 작업 완료.
2026-05-15 21:48:28,573 [INFO] 전 종목 실시간 공시 수집 및 요약 시작...
2026-05-15 21:48:30,673 [INFO] 정기 작업 완료.
2026-05-15 21:49:30,887 [INFO] 전 종목 실시간 공시 수집 및 요약 시작...
2026-05-15 21:49:32,821 [INFO] 정기 작업 완료.
2026-05-15 21:50:33,029 [INFO] 전 종목 실시간 공시 수집 및 요약 시작...
2026-05-15 21:50:35,342 [INFO] 정기 작업 완료.
2026-05-15 21:51:35,546 [INFO] 전 종목 실시간 공시 수집 및 요약 시작...
2026-05-15 21:51:37,506 [INFO] 정기 작업 완료.
2026-05-16 21:37:32,420 [INFO] Lean Engine 스케줄러 시작 (주기: 1분)
2026-05-16 21:37:32,420 [INFO] 전 종목 실시간 공시 수집 및 요약 시작...
2026-05-16 21:37:32,501 [INFO] 정기 작업 완료.
2026-05-16 21:38:32,682 [INFO] 전 종목 실시간 공시 수집 및 요약 시작...
2026-05-16 21:38:32,765 [INFO] 정기 작업 완료.
2026-05-16 21:39:25,684 [INFO] Lean Engine 스케줄러 시작 (주기: 1분)
2026-05-16 21:39:25,684 [INFO] 전 종목 실시간 공시 수집 및 요약 시작...
2026-05-16 21:39:25,742 [INFO] 정기 작업 완료.
2026-05-16 21:39:52,642 [INFO] Lean Engine 스케줄러 시작 (주기: 1분)
2026-05-16 21:39:52,642 [INFO] 전 종목 실시간 공시 수집 및 요약 시작 (어제~오늘)...
2026-05-16 21:44:50,447 [INFO] 정기 작업 완료.
2026-05-16 21:44:50,447 [INFO] 전 종목 실시간 공시 수집 및 요약 시작 (어제~오늘)...
2026-05-16 21:44:52,929 [INFO] 정기 작업 완료.
2026-05-16 21:45:53,122 [INFO] 전 종목 실시간 공시 수집 및 요약 시작 (어제~오늘)...
2026-05-16 21:45:55,661 [INFO] 정기 작업 완료.
2026-05-16 21:46:55,947 [INFO] 전 종목 실시간 공시 수집 및 요약 시작 (어제~오늘)...
2026-05-16 21:46:58,572 [INFO] 정기 작업 완료.
2026-05-16 21:47:58,814 [INFO] 전 종목 실시간 공시 수집 및 요약 시작 (어제~오늘)...
2026-05-16 21:48:01,240 [INFO] 정기 작업 완료.
2026-05-16 21:49:01,433 [INFO] 전 종목 실시간 공시 수집 및 요약 시작 (어제~오늘)...
2026-05-16 21:49:03,940 [INFO] 정기 작업 완료.
2026-05-16 21:50:04,158 [INFO] 전 종목 실시간 공시 수집 및 요약 시작 (어제~오늘)...
2026-05-16 21:50:19,083 [INFO] Lean Engine 스케줄러 시작 (주기: 1분)
2026-05-16 21:50:19,083 [INFO] 전 종목 실시간 공시 수집 및 요약 시작 (어제~오늘)...
